00000000000000000000000100011110
00000000000000000000000100011111
00000000000000000000111100100011
00000000000000000000000100011101
00000000000000000000000110001100
00000000000000000000000100001101
00000000000000000000010000100001
11111111111111111111101100011110
00000000000000000000110000011111
00000000000000000000110000001100
00000000000000000000100000100001
00000000000000000001010000100011
00000000000000000001011000100011
00000000000000000000000000000000
00000000000000000000001000011110
00000000000000000000010011110001
00000000000000000000100000100001
00000000000000000000010000100111
00000000000000000000000100001101
00000000000000000000110000100101
00000000000000000000000100011010
00000000000000000000000000100100